// Jest Snapshot v1, https://goo.gl/fbAQLP

exports[`LogDisplay matches snapshot 1`] = `<div class="log-display"><span class="type-unknown"><span class="ansi-red-fg">LINE A</span></span><span class="type-error">LINE ERROR!!!</span></div>`;
